// Jest Snapshot v1, https://goo.gl/fbAQLP

exports[`ListTitleButton Should mount \`ListTitleButton\` 1`] = `
ShallowWrapper {
  Symbol(enzyme.__root__): [Circular],
  Symbol(enzyme.__unrendered__): <ListTitleButton
    text="Add"
/>,
  Symbol(enzyme.__renderer__): Object {
    "batchedUpdates": [Function],
    "checkPropTypes": [Function],
    "getNode": [Function],
    "render": [Function],
    "simulateError": [Function],
    "simulateEvent": [Function],
    "unmount": [Function],
  },
  Symbol(enzyme.__node__): Object {
    "instance": null,
    "key": undefined,
    "nodeType": "function",
    "props": Object {
      "children": "Add",
    },
    "ref": null,
    "rendered": "Add",
    "type": Object {
      "$$typeof": Symbol(react.forward_ref),
      "attrs": Array [],
      "componentStyle": ComponentStyle {
        "baseHash": 400283751,
        "componentId": "sc-AxjAm",
        "isStatic": false,
        "rules": Array [
          "
  flex-grow: 1;
  padding: 10px;
  font-weight: 600;
  display: flex;
  justify-content: space-between;
  background: #f8f8f8;
  color: rgb(46, 68, 78);
  font-size: 14px;
  border: none;
  cursor: pointer;
  border-top-left-radius: 3px;
",
        ],
        "staticRulesId": "",
      },
      "displayName": "styled.button",
      "foldedComponentIds": Array [],
      "render": [Function],
      "shouldForwardProp": undefined,
      "styledComponentId": "sc-AxjAm",
      "target": "button",
      "toString": [Function],
      "warnTooManyClasses": [Function],
      "withComponent": [Function],
    },
  },
  Symbol(enzyme.__nodes__): Array [
    Object {
      "instance": null,
      "key": undefined,
      "nodeType": "function",
      "props": Object {
        "children": "Add",
      },
      "ref": null,
      "rendered": "Add",
      "type": Object {
        "$$typeof": Symbol(react.forward_ref),
        "attrs": Array [],
        "componentStyle": ComponentStyle {
          "baseHash": 400283751,
          "componentId": "sc-AxjAm",
          "isStatic": false,
          "rules": Array [
            "
  flex-grow: 1;
  padding: 10px;
  font-weight: 600;
  display: flex;
  justify-content: space-between;
  background: #f8f8f8;
  color: rgb(46, 68, 78);
  font-size: 14px;
  border: none;
  cursor: pointer;
  border-top-left-radius: 3px;
",
          ],
          "staticRulesId": "",
        },
        "displayName": "styled.button",
        "foldedComponentIds": Array [],
        "render": [Function],
        "shouldForwardProp": undefined,
        "styledComponentId": "sc-AxjAm",
        "target": "button",
        "toString": [Function],
        "warnTooManyClasses": [Function],
        "withComponent": [Function],
      },
    },
  ],
  Symbol(enzyme.__options__): Object {
    "adapter": ReactSixteenAdapter {
      "options": Object {
        "enableComponentDidUpdateOnSetState": true,
        "legacyContextMode": "parent",
        "lifecycles": Object {
          "componentDidUpdate": Object {
            "onSetState": true,
          },
          "getChildContext": Object {
            "calledByRenderer": false,
          },
          "getDerivedStateFromError": true,
          "getDerivedStateFromProps": Object {
            "hasShouldComponentUpdateBug": false,
          },
          "getSnapshotBeforeUpdate": true,
          "setState": Object {
            "skipsComponentDidUpdateOnNullish": true,
          },
        },
      },
    },
    "disableLifecycleMethods": true,
    Symbol(enzyme.__providerValues__): undefined,
  },
  Symbol(enzyme.__providerValues__): Map {},
}
`;
